BL51 BANKED LINKER/LOCATER V5.03                                                        09/22/2014  12:30:43  PAGE 1


BL51 BANKED LINKER/LOCATER V5.03, INVOKED BY:
C:\KEIL\C51\BIN\BL51.EXE .\STARTUP.obj, dev_board_stepper.obj TO dev_board_stepper RAMSIZE (256)


MEMORY MODEL: SMALL


INPUT MODULES INCLUDED:
  .\STARTUP.obj (?C_STARTUP)
  dev_board_stepper.obj (DEV_BOARD_STEPPER)


LINK MAP OF MODULE:  dev_board_stepper (?C_STARTUP)


            TYPE    BASE      LENGTH    RELOCATION   SEGMENT NAME
            -----------------------------------------------------

            * * * * * * *   D A T A   M E M O R Y   * * * * * * *
            REG     0000H     0008H     ABSOLUTE     "REG BANK 0"
            IDATA   0008H     0001H     UNIT         ?STACK

            * * * * * * *   C O D E   M E M O R Y   * * * * * * *
            CODE    0000H     0003H     ABSOLUTE     
            CODE    0003H     001FH     UNIT         ?PR?MAIN?DEV_BOARD_STEPPER
            CODE    0022H     000EH     UNIT         ?PR?_DELAY?DEV_BOARD_STEPPER
            CODE    0030H     000CH     UNIT         ?C_C51STARTUP
            CODE    003CH     0008H     UNIT         ?CO?DEV_BOARD_STEPPER



OVERLAY MAP OF MODULE:   dev_board_stepper (?C_STARTUP)


SEGMENT
  +--> CALLED SEGMENT
---------------------
?C_C51STARTUP
  +--> ?PR?MAIN?DEV_BOARD_STEPPER

?PR?MAIN?DEV_BOARD_STEPPER
  +--> ?PR?_DELAY?DEV_BOARD_STEPPER
  +--> ?CO?DEV_BOARD_STEPPER



SYMBOL TABLE OF MODULE:  dev_board_stepper (?C_STARTUP)

  VALUE           TYPE          NAME
  ----------------------------------

  -------         MODULE        ?C_STARTUP
  C:0030H         SEGMENT       ?C_C51STARTUP
  I:0008H         SEGMENT       ?STACK
  C:0000H         PUBLIC        ?C_STARTUP
  D:00E0H         SYMBOL        ACC
  D:00F0H         SYMBOL        B
  D:0083H         SYMBOL        DPH
BL51 BANKED LINKER/LOCATER V5.03                                                      09/22/2014  12:30:43  PAGE 2


  D:0082H         SYMBOL        DPL
  N:0000H         SYMBOL        IBPSTACK
  N:0100H         SYMBOL        IBPSTACKTOP
  N:0080H         SYMBOL        IDATALEN
  C:0033H         SYMBOL        IDATALOOP
  N:0000H         SYMBOL        PBPSTACK
  N:0000H         SYMBOL        PBPSTACKTOP
  N:0000H         SYMBOL        PDATALEN
  N:0000H         SYMBOL        PDATASTART
  N:0000H         SYMBOL        PPAGE
  N:0000H         SYMBOL        PPAGEENABLE
  D:00A0H         SYMBOL        PPAGE_SFR
  D:0081H         SYMBOL        SP
  C:0030H         SYMBOL        STARTUP1
  N:0000H         SYMBOL        XBPSTACK
  N:0000H         SYMBOL        XBPSTACKTOP
  N:0000H         SYMBOL        XDATALEN
  N:0000H         SYMBOL        XDATASTART
  C:0000H         LINE#         92
  C:0030H         LINE#         99
  C:0032H         LINE#         100
  C:0033H         LINE#         101
  C:0034H         LINE#         102
  C:0036H         LINE#         151
  C:0039H         LINE#         155
  -------         ENDMOD        ?C_STARTUP

  -------         MODULE        DEV_BOARD_STEPPER
  C:0000H         SYMBOL        _ICE_DUMMY_
  D:0080H         PUBLIC        P0
  D:0090H         PUBLIC        P1
  D:00A0H         PUBLIC        P2
  D:00B0H         PUBLIC        P3
  D:00A8H         PUBLIC        IE
  D:00B8H         PUBLIC        IP
  C:0003H         PUBLIC        main
  B:00A0H.7       PUBLIC        WELA
  D:0098H         PUBLIC        SCON
  D:0088H         PUBLIC        TCON
  C:0026H         PUBLIC        _Delay
  D:00C8H         PUBLIC        T2CON
  C:0040H         PUBLIC        B_Rotation
  D:00D0H         PUBLIC        PSW
  C:003CH         PUBLIC        F_Rotation
  C:0022H         SYMBOL        L?0012
  -------         PROC          L?0011
  -------         ENDPROC       L?0011
  C:0022H         SYMBOL        L?0012
  -------         PROC          _DELAY
  D:0006H         SYMBOL        i
  C:0026H         LINE#         20
  C:0026H         LINE#         21
  C:0026H         LINE#         22
  C:002FH         LINE#         23
  -------         ENDPROC       _DELAY
  -------         PROC          MAIN
  -------         DO            
BL51 BANKED LINKER/LOCATER V5.03                                                      09/22/2014  12:30:43  PAGE 3


  D:0005H         SYMBOL        i
  -------         ENDDO         
  C:0003H         LINE#         28
  C:0003H         LINE#         29
  C:0003H         LINE#         32
  C:0006H         LINE#         33
  C:0009H         LINE#         34
  C:000BH         LINE#         35
  C:000EH         LINE#         36
  C:0010H         LINE#         39
  C:0010H         LINE#         40
  C:0010H         LINE#         41
  C:0012H         LINE#         42
  C:0012H         LINE#         43
  C:0019H         LINE#         44
  C:001CH         LINE#         45
  -------         ENDPROC       MAIN
  -------         ENDMOD        DEV_BOARD_STEPPER

Program Size: data=9.0 xdata=0 code=68
LINK/LOCATE RUN COMPLETE.  0 WARNING(S),  0 ERROR(S)
