BL51 BANKED LINKER/LOCATER V6.22                                                        09/23/2014  09:21:55  PAGE 1


BL51 BANKED LINKER/LOCATER V6.22, INVOKED BY:
C:\KEIL_V5\C51\BIN\BL51.EXE STARTUP.obj, 18b20.obj TO test_uVersion5 RAMSIZE (256)


MEMORY MODEL: SMALL WITH FLOATING POINT ARITHMETIC


INPUT MODULES INCLUDED:
  STARTUP.obj (?C_STARTUP)
  18b20.obj (18B20)
  C:\KEIL_V5\C51\LIB\C51FPS.LIB (?C?FPADD)
  C:\KEIL_V5\C51\LIB\C51FPS.LIB (?C?FPMUL)
  C:\KEIL_V5\C51\LIB\C51FPS.LIB (?C?FCAST)
  C:\KEIL_V5\C51\LIB\C51FPS.LIB (?C?CASTF)
  C:\KEIL_V5\C51\LIB\C51FPS.LIB (?C?FPGETOPN)
  C:\KEIL_V5\C51\LIB\C51S.LIB (?C?UIDIV)
  C:\KEIL_V5\C51\LIB\C51S.LIB (?C?LNEG)


LINK MAP OF MODULE:  test_uVersion5 (?C_STARTUP)


            TYPE    BASE      LENGTH    RELOCATION   SEGMENT NAME
            -----------------------------------------------------

            * * * * * * *   D A T A   M E M O R Y   * * * * * * *
            REG     0000H     0008H     ABSOLUTE     "REG BANK 0"
            DATA    0008H     0005H     UNIT         _DATA_GROUP_
            DATA    000DH     0003H     UNIT         ?DT?18B20
                    0010H     0010H                  *** GAP ***
            BIT     0020H.0   0000H.1   UNIT         _BIT_GROUP_
                    0020H.1   0000H.7                *** GAP ***
            IDATA   0021H     0001H     UNIT         ?STACK

            * * * * * * *   C O D E   M E M O R Y   * * * * * * *
            CODE    0000H     0003H     ABSOLUTE     
            CODE    0003H     0320H     UNIT         ?C?LIB_CODE
            CODE    0323H     006FH     UNIT         ?PR?_DISPLAY?18B20
            CODE    0392H     0066H     UNIT         ?PR?TMP?18B20
            CODE    03F8H     0048H     UNIT         ?PR?_TMPWRITEBYTE?18B20
            CODE    0440H     0024H     UNIT         ?PR?TMPREADBIT?18B20
            CODE    0464H     0021H     UNIT         ?PR?_DELAY?18B20
            CODE    0485H     001FH     UNIT         ?PR?DSRESET?18B20
            CODE    04A4H     001DH     UNIT         ?PR?TMPREAD?18B20
            CODE    04C1H     001AH     UNIT         ?CO?18B20
            CODE    04DBH     0017H     UNIT         ?PR?MAIN?18B20
            CODE    04F2H     0010H     UNIT         ?PR?TMPCHANGE?18B20
            CODE    0502H     000CH     UNIT         ?C_C51STARTUP



OVERLAY MAP OF MODULE:   test_uVersion5 (?C_STARTUP)


SEGMENT                            BIT_GROUP          DATA_GROUP 
  +--> CALLED SEGMENT           START    LENGTH     START    LENGTH
-------------------------------------------------------------------
?C_C51STARTUP                   -----    -----      -----    -----
BL51 BANKED LINKER/LOCATER V6.22                                                      09/23/2014  09:21:55  PAGE 2


  +--> ?PR?MAIN?18B20

?PR?MAIN?18B20                  -----    -----      0008H    0001H
  +--> ?PR?TMPCHANGE?18B20
  +--> ?PR?TMP?18B20
  +--> ?PR?_DISPLAY?18B20

?PR?TMPCHANGE?18B20             -----    -----      -----    -----
  +--> ?PR?DSRESET?18B20
  +--> ?PR?_DELAY?18B20
  +--> ?PR?_TMPWRITEBYTE?18B20

?PR?_TMPWRITEBYTE?18B20         0020H.0  0000H.1    -----    -----

?PR?TMP?18B20                   -----    -----      0009H    0004H
  +--> ?PR?DSRESET?18B20
  +--> ?PR?_DELAY?18B20
  +--> ?PR?_TMPWRITEBYTE?18B20
  +--> ?PR?TMPREAD?18B20

?PR?TMPREAD?18B20               -----    -----      -----    -----
  +--> ?PR?TMPREADBIT?18B20

?PR?TMPREADBIT?18B20            0020H.0  0000H.1    -----    -----

?PR?_DISPLAY?18B20              -----    -----      0009H    0001H
  +--> ?CO?18B20
  +--> ?PR?_DELAY?18B20



SYMBOL TABLE OF MODULE:  test_uVersion5 (?C_STARTUP)

  VALUE           TYPE          NAME
  ----------------------------------

  -------         MODULE        ?C_STARTUP
  C:0502H         SEGMENT       ?C_C51STARTUP
  I:0021H         SEGMENT       ?STACK
  C:0000H         PUBLIC        ?C_STARTUP
  D:00E0H         SYMBOL        ACC
  D:00F0H         SYMBOL        B
  D:0083H         SYMBOL        DPH
  D:0082H         SYMBOL        DPL
  N:0000H         SYMBOL        IBPSTACK
  N:0100H         SYMBOL        IBPSTACKTOP
  N:0080H         SYMBOL        IDATALEN
  C:0505H         SYMBOL        IDATALOOP
  N:0000H         SYMBOL        PBPSTACK
  N:0100H         SYMBOL        PBPSTACKTOP
  N:0000H         SYMBOL        PDATALEN
  N:0000H         SYMBOL        PDATASTART
  N:0000H         SYMBOL        PPAGE
  N:0000H         SYMBOL        PPAGEENABLE
  D:00A0H         SYMBOL        PPAGE_SFR
  D:0081H         SYMBOL        SP
  C:0502H         SYMBOL        STARTUP1
BL51 BANKED LINKER/LOCATER V6.22                                                      09/23/2014  09:21:55  PAGE 3


  N:0000H         SYMBOL        XBPSTACK
  N:0000H         SYMBOL        XBPSTACKTOP
  N:0000H         SYMBOL        XDATALEN
  N:0000H         SYMBOL        XDATASTART
  C:0000H         LINE#         126
  C:0502H         LINE#         133
  C:0504H         LINE#         134
  C:0505H         LINE#         135
  C:0506H         LINE#         136
  C:0508H         LINE#         185
  C:050BH         LINE#         196
  -------         ENDMOD        ?C_STARTUP

  -------         MODULE        18B20
  C:0000H         SYMBOL        _ICE_DUMMY_
  C:0485H         PUBLIC        dsreset
  D:0080H         PUBLIC        P0
  D:0090H         PUBLIC        P1
  D:00A0H         PUBLIC        P2
  D:00B0H         PUBLIC        P3
  C:04C1H         PUBLIC        table
  D:00A8H         PUBLIC        IE
  C:046CH         PUBLIC        _delay
  B:00A0H.2       PUBLIC        DS
  D:00B8H         PUBLIC        IP
  C:04DBH         PUBLIC        main
  B:00A0H.6       PUBLIC        dula
  B:00A0H.7       PUBLIC        wela
  C:0440H         PUBLIC        tmpreadbit
  D:0098H         PUBLIC        SCON
  D:0088H         PUBLIC        TCON
  D:000DH         PUBLIC        temp
  C:03F8H         PUBLIC        _tmpwritebyte
  C:04D1H         PUBLIC        table1
  C:04F2H         PUBLIC        tmpchange
  D:000FH         PUBLIC        flag1
  C:0392H         PUBLIC        tmp
  D:00C8H         PUBLIC        T2CON
  C:04A4H         PUBLIC        tmpread
  C:0323H         PUBLIC        _display
  D:00D0H         PUBLIC        PSW
  C:0468H         SYMBOL        L?0053
  -------         PROC          L?0052
  -------         ENDPROC       L?0052
  C:0468H         SYMBOL        L?0053
  -------         PROC          _DELAY
  D:0006H         SYMBOL        count
  -------         DO            
  D:0004H         SYMBOL        i
  -------         ENDDO         
  C:046CH         LINE#         18
  C:046CH         LINE#         19
  C:046CH         LINE#         21
  C:0470H         LINE#         22
  C:0470H         LINE#         23
  C:0474H         LINE#         24
  C:0474H         LINE#         25
BL51 BANKED LINKER/LOCATER V6.22                                                      09/23/2014  09:21:55  PAGE 4


  C:047DH         LINE#         26
  C:0482H         LINE#         27
  C:0484H         LINE#         28
  -------         ENDPROC       _DELAY
  -------         PROC          DSRESET
  -------         DO            
  D:0006H         SYMBOL        i
  -------         ENDDO         
  C:0485H         LINE#         29
  C:0485H         LINE#         30
  C:0485H         LINE#         32
  C:0487H         LINE#         33
  C:048BH         LINE#         34
  C:0494H         LINE#         35
  C:0496H         LINE#         36
  C:049AH         LINE#         37
  C:04A3H         LINE#         38
  -------         ENDPROC       DSRESET
  -------         PROC          TMPREADBIT
  -------         DO            
  D:0006H         SYMBOL        i
  B:0020H.0       SYMBOL        dat
  -------         ENDDO         
  C:0440H         LINE#         40
  C:0440H         LINE#         41
  C:0440H         LINE#         44
  C:0446H         LINE#         45
  C:0450H         LINE#         46
  C:0454H         LINE#         47
  C:0461H         LINE#         48
  C:0463H         LINE#         49
  -------         ENDPROC       TMPREADBIT
  -------         PROC          TMPREAD
  -------         DO            
  D:0004H         SYMBOL        i
  D:0007H         SYMBOL        j
  D:0005H         SYMBOL        dat
  -------         ENDDO         
  C:04A4H         LINE#         51
  C:04A4H         LINE#         52
  C:04A4H         LINE#         54
  C:04A6H         LINE#         55
  C:04A8H         LINE#         56
  C:04A8H         LINE#         57
  C:04AEH         LINE#         58
  C:04BAH         LINE#         59
  C:04BEH         LINE#         60
  C:04C0H         LINE#         61
  -------         ENDPROC       TMPREAD
  -------         PROC          _TMPWRITEBYTE
  D:0007H         SYMBOL        dat
  -------         DO            
  D:0002H         SYMBOL        i
  D:0006H         SYMBOL        j
  B:0020H.0       SYMBOL        testb
  -------         ENDDO         
  C:03F8H         LINE#         63
BL51 BANKED LINKER/LOCATER V6.22                                                      09/23/2014  09:21:55  PAGE 5


  C:03F8H         LINE#         64
  C:03F8H         LINE#         68
  C:03FAH         LINE#         69
  C:03FAH         LINE#         70
  C:03FEH         LINE#         71
  C:0402H         LINE#         72
  C:0405H         LINE#         73
  C:0405H         LINE#         74
  C:0407H         LINE#         75
  C:040FH         LINE#         76
  C:0411H         LINE#         77
  C:0420H         LINE#         78
  C:0420H         LINE#         80
  C:0420H         LINE#         81
  C:0422H         LINE#         82
  C:042FH         LINE#         83
  C:0431H         LINE#         84
  C:043BH         LINE#         85
  C:043BH         LINE#         87
  C:043FH         LINE#         88
  -------         ENDPROC       _TMPWRITEBYTE
  -------         PROC          TMPCHANGE
  C:04F2H         LINE#         90
  C:04F2H         LINE#         91
  C:04F2H         LINE#         92
  C:04F5H         LINE#         93
  C:04F8H         LINE#         94
  C:04FDH         LINE#         95
  -------         ENDPROC       TMPCHANGE
  -------         PROC          TMP
  -------         DO            
  D:0009H         SYMBOL        tt
  D:0003H         SYMBOL        a
  D:0007H         SYMBOL        b
  -------         ENDDO         
  C:0392H         LINE#         98
  C:0392H         LINE#         99
  C:0392H         LINE#         102
  C:0395H         LINE#         103
  C:0398H         LINE#         104
  C:039DH         LINE#         105
  C:03A2H         LINE#         106
  C:03A7H         LINE#         107
  C:03AAH         LINE#         108
  C:03AFH         LINE#         109
  C:03B6H         LINE#         110
  C:03BCH         LINE#         111
  C:03D5H         LINE#         112
  C:03F7H         LINE#         113
  C:03F7H         LINE#         114
  -------         ENDPROC       TMP
  -------         PROC          _DISPLAY
  D:0002H         SYMBOL        temp
  -------         DO            
  D:0009H         SYMBOL        A1
  D:0003H         SYMBOL        A2
  D:0007H         SYMBOL        A2t
BL51 BANKED LINKER/LOCATER V6.22                                                      09/23/2014  09:21:55  PAGE 6


  D:0002H         SYMBOL        A3
  -------         ENDDO         
  C:0323H         LINE#         116
  C:0327H         LINE#         117
  C:0327H         LINE#         119
  C:0330H         LINE#         120
  C:033DH         LINE#         121
  C:0343H         LINE#         122
  C:034AH         LINE#         123
  C:034CH         LINE#         124
  C:0354H         LINE#         125
  C:0356H         LINE#         126
  C:0358H         LINE#         128
  C:035AH         LINE#         129
  C:035DH         LINE#         130
  C:035DH         LINE#         131
  C:035DH         LINE#         132
  C:0360H         LINE#         134
  C:0362H         LINE#         135
  C:036BH         LINE#         136
  C:036DH         LINE#         137
  C:036FH         LINE#         139
  C:0371H         LINE#         140
  C:0374H         LINE#         141
  C:0374H         LINE#         142
  C:0374H         LINE#         143
  C:0377H         LINE#         145
  C:0380H         LINE#         146
  C:0382H         LINE#         147
  C:0384H         LINE#         149
  C:0387H         LINE#         150
  C:0389H         LINE#         151
  C:038BH         LINE#         152
  -------         ENDPROC       _DISPLAY
  -------         PROC          MAIN
  -------         DO            
  D:0008H         SYMBOL        a
  -------         ENDDO         
  C:04DBH         LINE#         156
  C:04DBH         LINE#         157
  C:04DBH         LINE#         160
  C:04DBH         LINE#         161
  C:04DEH         LINE#         162
  C:04E1H         LINE#         163
  C:04E1H         LINE#         164
  C:04E7H         LINE#         165
  -------         ENDPROC       MAIN
  -------         ENDMOD        18B20

  -------         MODULE        ?C?FPADD
  C:000AH         PUBLIC        ?C?FPADD
  C:0006H         PUBLIC        ?C?FPSUB
  -------         ENDMOD        ?C?FPADD

  -------         MODULE        ?C?FPMUL
  C:00FBH         PUBLIC        ?C?FPMUL
  -------         ENDMOD        ?C?FPMUL
BL51 BANKED LINKER/LOCATER V6.22                                                      09/23/2014  09:21:55  PAGE 7



  -------         MODULE        ?C?FCAST
  C:020BH         PUBLIC        ?C?FCASTC
  C:0206H         PUBLIC        ?C?FCASTI
  C:0201H         PUBLIC        ?C?FCASTL
  -------         ENDMOD        ?C?FCAST

  -------         MODULE        ?C?CASTF
  C:023FH         PUBLIC        ?C?CASTF
  -------         ENDMOD        ?C?CASTF

  -------         MODULE        ?C?UIDIV
  C:02C0H         PUBLIC        ?C?UIDIV
  -------         ENDMOD        ?C?UIDIV

  -------         MODULE        ?C?LNEG
  C:0315H         PUBLIC        ?C?LNEG
  -------         ENDMOD        ?C?LNEG

Program Size: data=17.1 xdata=0 code=1294
LINK/LOCATE RUN COMPLETE.  0 WARNING(S),  0 ERROR(S)
